 import

 Timestamp is 3c84c0bd (Tue Mar 05 13:57:33 2002)

 Preferred load address is 00400000

 Start         Length     Name                   Class
 0001:00000000 00002e66H .text                   CODE
 0001:00002e70 0000101aH .text$x                 CODE
 0002:00000000 00000151H .rdata                  DATA
 0002:00000158 00000130H .xdata$x                DATA
 0002:00000288 00000000H .edata                  DATA
 0003:00000000 00000104H .CRT$XCA                DATA
 0003:00000104 00000104H .CRT$XCZ                DATA
 0003:00000208 00000104H .CRT$XIA                DATA
 0003:0000030c 00000104H .CRT$XIZ                DATA
 0003:00000410 00000697H .data                   DATA
 0003:00000aa8 0000009cH .bss                    DATA
 0004:00000000 0000003cH .idata$2                DATA
 0004:0000003c 00000014H .idata$3                DATA
 0004:00000050 00000194H .idata$4                DATA
 0004:000001e4 00000194H .idata$5                DATA
 0004:00000378 000004caH .idata$6                DATA

  Address         Publics by Value              Rva+Base     Lib:Object

 0001:00000140       ??0FBackground@@QAE@QAD@Z  00401140 f   FBackground.obj
 0001:00000280       ??_EFBackground@@UAEPAXI@Z 00401280 f i FBackground.obj
 0001:00000280       ??_GFBackground@@UAEPAXI@Z 00401280 f i FBackground.obj
 0001:000002b0       ??1FBackground@@UAE@XZ     004012b0 f   FBackground.obj
 0001:000002e0       ??0FEpisode@@QAE@XZ        004012e0 f   FEpisode.obj
 0001:00000300       ??_EFEpisode@@UAEPAXI@Z    00401300 f i FEpisode.obj
 0001:00000300       ??_GFEpisode@@UAEPAXI@Z    00401300 f i FEpisode.obj
 0001:00000330       ??1FEpisode@@UAE@XZ        00401330 f   FEpisode.obj
 0001:00000350       ??0FEvent@@QAE@XZ          00401350 f   FEvent.obj
 0001:00000370       ??_GFEvent@@UAEPAXI@Z      00401370 f i FEvent.obj
 0001:00000370       ??_EFEvent@@UAEPAXI@Z      00401370 f i FEvent.obj
 0001:000003a0       ??1FEvent@@UAE@XZ          004013a0 f   FEvent.obj
 0001:000003c0       ??0FGame@@QAE@XZ           004013c0 f   FGame.obj
 0001:000003e0       ??_EFGame@@UAEPAXI@Z       004013e0 f i FGame.obj
 0001:000003e0       ??_GFGame@@UAEPAXI@Z       004013e0 f i FGame.obj
 0001:00000410       ??1FGame@@UAE@XZ           00401410 f   FGame.obj
 0001:00000430       ??0FScene@@QAE@XZ          00401430 f   FScene.obj
 0001:00000450       ??_GFScene@@UAEPAXI@Z      00401450 f i FScene.obj
 0001:00000450       ??_EFScene@@UAEPAXI@Z      00401450 f i FScene.obj
 0001:00000480       ??1FScene@@UAE@XZ          00401480 f   FScene.obj
 0001:000004a0       ??0FSprite@@QAE@QAD@Z      004014a0 f   FSprite.obj
 0001:00000f90       ??_GFSprite@@UAEPAXI@Z     00401f90 f i FSprite.obj
 0001:00000f90       ??_EFSprite@@UAEPAXI@Z     00401f90 f i FSprite.obj
 0001:00000fc0       ??1FSprite@@UAE@XZ         00401fc0 f   FSprite.obj
 0001:00001000       ?Put@FSprite@@QAEXPAUFOX_Surface@@KKK@Z 00402000 f   FSprite.obj
 0001:00001130       ??0FWorld@@QAE@XZ          00402130 f   FWorld.obj
 0001:00001150       ??_EFWorld@@UAEPAXI@Z      00402150 f i FWorld.obj
 0001:00001150       ??_GFWorld@@UAEPAXI@Z      00402150 f i FWorld.obj
 0001:00001180       ??1FWorld@@UAE@XZ          00402180 f   FWorld.obj
 0001:000011a0       _FOX_main                  004021a0 f   main.obj
 0001:00001514       _FOX_pixelRGBA             00402514 f   fox:FOX.dll
 0001:0000151a       _FOX_CreateRGBSurface      0040251a f   fox:FOX.dll
 0001:00001520       _FOX_filesys_load_in       00402520 f   fox:FOX.dll
 0001:00001526       _FOX_filesys_search        00402526 f   fox:FOX.dll
 0001:0000152c       _FOX_UpperBlit             0040252c f   fox:FOX.dll
 0001:00001532       _FOX_PumpEvents            00402532 f   fox:FOX.dll
 0001:00001538       _FOX_PollEvent             00402538 f   fox:FOX.dll
 0001:0000153e       _FOX_Flip                  0040253e f   fox:FOX.dll
 0001:00001544       _FOX_GetKeyState           00402544 f   fox:FOX.dll
 0001:0000154a       _FOX_filesys_archive       0040254a f   fox:FOX.dll
 0001:00001550       _FOX_ShowCursor            00402550 f   fox:FOX.dll
 0001:00001556       _FOX_EventState            00402556 f   fox:FOX.dll
 0001:0000155c       _FOX_WM_SetCaption         0040255c f   fox:FOX.dll
 0001:00001562       _FOX_SetTimer              00402562 f   fox:FOX.dll
 0001:00001568       _FOX_SetVideoMode          00402568 f   fox:FOX.dll
 0001:0000156e       _FOX_Quit                  0040256e f   fox:FOX.dll
 0001:00001574       _FOX_GetError              00402574 f   fox:FOX.dll
 0001:0000157a       _FOX_Init                  0040257a f   fox:FOX.dll
 0001:00001580       _free                      00402580 f   MSVCRT:MSVCRT.dll
 0001:00001586       _malloc                    00402586 f   MSVCRT:MSVCRT.dll
 0001:0000158c       _fprintf                   0040258c f   MSVCRT:MSVCRT.dll
 0001:00001592       ??3@YAXPAX@Z               00402592 f   MSVCRT:MSVCRT.dll
 0001:00001598       ??2@YAPAXI@Z               00402598 f   MSVCRT:MSVCRT.dll
 0001:0000159e       ___CxxFrameHandler         0040259e f   MSVCRT:MSVCRT.dll
 0001:000015b0       __onexit                   004025b0 f   MSVCRT:atonexit.obj
 0001:000015dc       _atexit                    004025dc f   MSVCRT:atonexit.obj
 0001:000015ee       _exit                      004025ee f   MSVCRT:MSVCRT.dll
 0001:000015f4       _WinMainCRTStartup         004025f4 f   MSVCRT:crtexew.obj
 0001:00001752       ___dllonexit               00402752 f   MSVCRT:MSVCRT.dll
 0001:00001758       __exit                     00402758 f   MSVCRT:MSVCRT.dll
 0001:0000175e       __XcptFilter               0040275e f   MSVCRT:MSVCRT.dll
 0001:00001764       ___getmainargs             00402764 f   MSVCRT:MSVCRT.dll
 0001:0000176a       __initterm                 0040276a f   MSVCRT:MSVCRT.dll
 0001:00001770       __setdefaultprecision      00402770 f   MSVCRT:fp8.obj
 0001:00001782       ___setusermatherr          00402782 f   MSVCRT:MSVCRT.dll
 0001:00001788       __matherr                  00402788 f   MSVCRT:merr.obj
 0001:0000178b       __setargv                  0040278b f   MSVCRT:dllargv.obj
 0001:0000178c       ___p__commode              0040278c f   MSVCRT:MSVCRT.dll
 0001:00001792       ___p__fmode                00402792 f   MSVCRT:MSVCRT.dll
 0001:00001798       ___set_app_type            00402798 f   MSVCRT:MSVCRT.dll
 0001:0000179e       __except_handler3          0040279e f   MSVCRT:MSVCRT.dll
 0001:000017a4       __controlfp                004027a4 f   MSVCRT:MSVCRT.dll
 0001:000017aa       _GetModuleHandleA@4        004027aa f   kernel32:KERNEL32.dll
 0001:000017b0       _GetStartupInfoA@4         004027b0 f   kernel32:KERNEL32.dll
 0001:000017c0       _main                      004027c0 f   foxmain:FOX_main.obj
 0001:000019b0       _WinMain@16                004029b0 f   foxmain:FOX_main.obj
 0001:00001c30       _strncpy                   00402c30 f   MSVCRT:MSVCRT.dll
 0001:00001c36       _strrchr                   00402c36 f   MSVCRT:MSVCRT.dll
 0001:00001c40       __chkstk                   00402c40 f   MSVCRT:chkstk.obj
 0001:00001c40       __alloca_probe             00402c40 f   MSVCRT:chkstk.obj
 0001:00001c70       _remove                    00402c70 f   MSVCRT:MSVCRT.dll
 0001:00001c76       _fgetc                     00402c76 f   MSVCRT:MSVCRT.dll
 0001:00001c7c       _fopen                     00402c7c f   MSVCRT:MSVCRT.dll
 0001:00001c82       _fclose                    00402c82 f   MSVCRT:MSVCRT.dll
 0001:00001c88       _setbuf                    00402c88 f   MSVCRT:MSVCRT.dll
 0001:00001c8e       _setvbuf                   00402c8e f   MSVCRT:MSVCRT.dll
 0001:00001c94       _freopen                   00402c94 f   MSVCRT:MSVCRT.dll
 0001:00001c9a       __isctype                  00402c9a f   MSVCRT:MSVCRT.dll
 0001:00001ca0       _GetCommandLineA@0         00402ca0 f   kernel32:KERNEL32.dll
 0001:00001ca6       _FreeLibrary@4             00402ca6 f   kernel32:KERNEL32.dll
 0001:00001cac       _LoadLibraryA@4            00402cac f   kernel32:KERNEL32.dll
 0001:00001cb2       _FOX_SetModuleHandle       00402cb2 f   fox:FOX.dll
 0002:0000001c       ??_7FBackground@@6B@       0040501c     FBackground.obj
 0002:00000020       ??_7FEpisode@@6B@          00405020     FEpisode.obj
 0002:00000024       ??_7FEvent@@6B@            00405024     FEvent.obj
 0002:00000028       ??_7FGame@@6B@             00405028     FGame.obj
 0002:0000002c       ??_7FScene@@6B@            0040502c     FScene.obj
 0002:00000030       ??_7FSprite@@6B@           00405030     FSprite.obj
 0002:00000034       ??_7FWorld@@6B@            00405034     FWorld.obj
 0003:00000000       ___xc_a                    00406000     MSVCRT:cinitexe.obj
 0003:00000104       ___xc_z                    00406104     MSVCRT:cinitexe.obj
 0003:00000208       ___xi_a                    00406208     MSVCRT:cinitexe.obj
 0003:0000030c       ___xi_z                    0040630c     MSVCRT:cinitexe.obj
 0003:00000410       ??_C@_0CC@DIBB@?$FLFOX?$FN?3?5blad?$CB?5nie?5moge?5wczytac?5?$CFs@ 00406410     FBackground.obj
 0003:00000438       ??_C@_0CC@HACP@?$FLFOX?$FN?3?5Klatka?5?$CFd?5X?3?$CFd?5Y?3?$CFd?5Nr?3?$CFd@ 00406438     FSprite.obj
 0003:00000460       ??_C@_0CL@HFMA@?$FLFOX?$FN?3?5alokacja?5pamieci?5na?5liste@ 00406460     FSprite.obj
 0003:00000494       ??_C@_0CK@LFF@?$FLFOX?$FN?3?5alokacja?5pamieci?5na?5wspol@ 00406494     FSprite.obj
 0003:000004c8       ??_C@_0BK@HOFE@?$FLFOX?$FN?3?5ilosc?5klatek?5?3?5?$CFd?6?$AA@ 004064c8     FSprite.obj
 0003:000004e8       ??_C@_0BE@MAOC@?$FLFOX?$FN?3?5Offset?5?3?5?$CFd?6?$AA@ 004064e8     FSprite.obj
 0003:00000500       ??_C@_0CA@DBFI@?$FLFOX?$FN?3?5Nazwa?5zdarzenia?5?$CD?$CFd?3?7?$CFs?6?$AA@ 00406500     FSprite.obj
 0003:00000528       ??_C@_0CI@OJIF@?$FLFOX?$FN?3?5alokacja?5pamieci?5na?5zdarz@ 00406528     FSprite.obj
 0003:00000558       ??_C@_0BK@EJE@?$FLFOX?$FN?3?5ilosc?5zdarzen?3?5?$CFd?6?$AA@ 00406558     FSprite.obj
 0003:00000578       ??_C@_0BF@LDMA@?$FLFOX?$FN?3?5ulOffset?5ADD?6?$AA@ 00406578     FSprite.obj
 0003:00000594       ??_C@_05FONL@ok?$CB?6?6?$AA@ 00406594     FSprite.obj
 0003:0000059c       ??_C@_0BK@GDPG@Kopiowanie?5na?5surface?4?4?4?6?$AA@ 0040659c     FSprite.obj
 0003:000005bc       ??_C@_0BH@MAEH@?7Wysokosc?5klatki?3?5?$CFd?6?6?$AA@ 004065bc     FSprite.obj
 0003:000005d8       ??_C@_0BG@NBFN@?7Wysokosc?5klatki?3?5?$CFd?6?$AA@ 004065d8     FSprite.obj
 0003:000005f4       ??_C@_0BH@LJHA@?7Szerokosc?5klatki?3?5?$CFd?6?$AA@ 004065f4     FSprite.obj
 0003:00000610       ??_C@_0BF@FGJB@Alokacja?5surface?4?4?4?6?$AA@ 00406610     FSprite.obj
 0003:0000062c       ??_C@_0BG@LHGC@Szerokosc?5klatki?3?5?$CFd?6?$AA@ 0040662c     FSprite.obj
 0003:00000648       ??_C@_0BF@MDAB@Wysokosc?5klatki?3?5?$CFd?6?$AA@ 00406648     FSprite.obj
 0003:00000664       ??_C@_0N@GPPA@Offset?5?3?5?$CFd?6?$AA@ 00406664     FSprite.obj
 0003:00000674       ??_C@_0N@DFIG@Klatka?5?3?5?$CFd?6?$AA@ 00406674     FSprite.obj
 0003:00000684       ??_C@_0CF@KGGJ@?$FLFOX?$FN?3?5alokacja?5surface?5dla?5obra@ 00406684     FSprite.obj
 0003:000006b0       ??_C@_0CF@DHFL@?$FLFOX?$FN?3?5alokacja?5szerokosci?5klate@ 004066b0     FSprite.obj
 0003:000006dc       ??_C@_04ENHG@ok?$CB?6?$AA@ 004066dc     FSprite.obj
 0003:000006e4       ??_C@_0CE@PLPA@?$FLFOX?$FN?3?5alokacja?5wysokosci?5klatek@ 004066e4     FSprite.obj
 0003:00000710       ??_C@_0BJ@EODH@?$FLFOX?$FN?3?5ilosc?5klatek?3?5?$CFd?6?$AA@ 00406710     FSprite.obj
 0003:00000730       ??_C@_0BJ@CMLB@?$FLFOX?$FN?3?5za?5malo?5pamieci?$CB?6?$AA@ 00406730     FSprite.obj
 0003:00000750       ??_C@_0CJ@IMBF@?$FLFOX?$FN?3?5alokacja?5FSprite?3ucTempBu@ 00406750     FSprite.obj
 0003:00000784       ??_C@_0CD@GPKO@?$FLFOX?$FN?3?5blad?$CB?5nie?5moge?5wczytac?5?$CFs@ 00406784     FSprite.obj
 0003:000007b0       ??_C@_0BN@EHJI@FSprite?3?3new?5?5csFilename?$DN?$CFs?6?$AA@ 004067b0     FSprite.obj
 0003:000007d4       ??_C@_0BD@JFGC@frRectangle?4w?3?5?$CFd?6?$AA@ 004067d4     FSprite.obj
 0003:000007ec       ??_C@_0BD@IKAB@frRectangle?4h?3?5?$CFd?6?$AA@ 004067ec     FSprite.obj
 0003:00000804       ??_C@_0BD@EFKD@frRectangle?4y?3?5?$CFd?6?$AA@ 00406804     FSprite.obj
 0003:0000081c       ??_C@_0BD@NAAD@frRectangle?4x?3?5?$CFd?6?$AA@ 0040681c     FSprite.obj
 0003:00000834       ??_C@_0N@DLBJ@ulFrame?3?5?$CFd?6?$AA@ 00406834     FSprite.obj
 0003:00000844       ??_C@_0M@KGHE@back001?4raw?$AA@ 00406844     main.obj
 0003:00000854       ??_C@_07OMJD@jas?4evt?$AA@ 00406854     main.obj
 0003:00000860       ??_C@_0L@HMFF@smokul?4evt?$AA@ 00406860     main.obj
 0003:00000870       ??_C@_0N@CPBF@resource?4fox?$AA@ 00406870     main.obj
 0003:00000880       ??_C@_06PCIG@Import?$AA@   00406880     main.obj
 0003:00000888       ??_C@_0CP@IPHE@Nie?5mozna?5ustawic?5trybu?5graficzn@ 00406888     main.obj
 0003:000008c0       ??_C@_0CB@BOFA@Nie?5mozna?5zainicjalizowac?4?4?4?5?$CFs?6@ 004068c0     main.obj
 0003:000008f0       ___defaultmatherr          004068f0     MSVCRT:merr.obj
 0003:000008f4       ??_C@_0BH@FFOP@?$FLFOX?$FN?3?5WinMain?$CI?$CJ?5error?$AA@ 004068f4     foxmain:FOX_main.obj
 0003:0000090c       ??_C@_0P@NMDD@?$FLFOX?$FN?3?5?$CFs?3?5?$CFs?6?$AA@ 0040690c     foxmain:FOX_main.obj
 0003:0000091c       ??_C@_0M@MMAJ@Fatal?5Error?$AA@ 0040691c     foxmain:FOX_main.obj
 0003:00000928       ??_C@_0BJ@EJNJ@Out?5of?5memory?5?9?5aborting?$AA@ 00406928     foxmain:FOX_main.obj
 0003:00000944       ??_C@_0L@BIBO@stderr?4txt?$AA@ 00406944     foxmain:FOX_main.obj
 0003:00000950       ??_C@_0L@BJCH@stdout?4txt?$AA@ 00406950     foxmain:FOX_main.obj
 0003:0000095c       ??_C@_02JKAF@rb?$AA@       0040695c     foxmain:FOX_main.obj
 0003:00000960       ??_C@_01LLF@w?$AA@         00406960     foxmain:FOX_main.obj
 0003:00000964       ??_C@_09LLMO@DDRAW?4DLL?$AA@ 00406964     foxmain:FOX_main.obj
 0003:00000aa8       ?b@@3KA                    00406aa8     main.obj
 0003:00000aac       ?klawiatura@@3PAEA         00406aac     main.obj
 0003:00000ab0       ?g@@3KA                    00406ab0     main.obj
 0003:00000ab4       ?screen@@3PAUFOX_Surface@@A 00406ab4     main.obj
 0003:00000ab8       ?r@@3KA                    00406ab8     main.obj
 0003:00000abc       ?gra@@3PAVFGame@@A         00406abc     main.obj
 0003:00000ac0       ?ulTimer@@3KA              00406ac0     main.obj
 0003:00000ac4       ?iDesired@@3HA             00406ac4     main.obj
 0003:00000ac8       ?h1@@3JA                   00406ac8     main.obj
 0003:00000acc       ?h2@@3JA                   00406acc     main.obj
 0003:00000ad0       ?h3@@3JA                   00406ad0     main.obj
 0003:00000ad4       ?h4@@3JA                   00406ad4     main.obj
 0003:00000ad8       ?h5@@3JA                   00406ad8     main.obj
 0003:00000adc       ?plik@@3PAU_iobuf@@A       00406adc     main.obj
 0003:00000ae0       ?event@@3TFOX_Event@@A     00406ae0     main.obj
 0003:00000af4       ?smokul@@3PAVFSprite@@A    00406af4     main.obj
 0003:00000af8       ?jasio@@3PAVFSprite@@A     00406af8     main.obj
 0003:00000afc       ?fbKomnata@@3PAVFBackground@@A 00406afc     main.obj
 0003:00000b14       __dowildcard               00406b14     MSVCRT:wildcard.obj
 0003:00000b18       __newmode                  00406b18     MSVCRT:_newmode.obj
 0003:00000b1c       __commode                  00406b1c     MSVCRT:xncommod.obj
 0003:00000b20       __fmode                    00406b20     MSVCRT:xtxtmode.obj
 0003:00000b24       __adjust_fdiv              00406b24     <common>
 0003:00000b30       ___onexitend               00406b30     <common>
 0003:00000b40       ___onexitbegin             00406b40     <common>
 0004:00000000       __IMPORT_DESCRIPTOR_FOX    00407000     fox:FOX.dll
 0004:00000014       __IMPORT_DESCRIPTOR_MSVCRT 00407014     MSVCRT:MSVCRT.dll
 0004:00000028       __IMPORT_DESCRIPTOR_KERNEL32 00407028     kernel32:KERNEL32.dll
 0004:0000003c       __NULL_IMPORT_DESCRIPTOR   0040703c     fox:FOX.dll
 0004:000001e4       __imp__FOX_pixelRGBA       004071e4     fox:FOX.dll
 0004:000001e8       __imp__FOX_CreateRGBSurface 004071e8     fox:FOX.dll
 0004:000001ec       __imp__FOX_filesys_load_in 004071ec     fox:FOX.dll
 0004:000001f0       __imp__FOX_filesys_search  004071f0     fox:FOX.dll
 0004:000001f4       __imp__FOX_UpperBlit       004071f4     fox:FOX.dll
 0004:000001f8       __imp__FOX_PumpEvents      004071f8     fox:FOX.dll
 0004:000001fc       __imp__FOX_PollEvent       004071fc     fox:FOX.dll
 0004:00000200       __imp__FOX_Flip            00407200     fox:FOX.dll
 0004:00000204       __imp__FOX_GetKeyState     00407204     fox:FOX.dll
 0004:00000208       __imp__FOX_filesys_archive 00407208     fox:FOX.dll
 0004:0000020c       __imp__FOX_ShowCursor      0040720c     fox:FOX.dll
 0004:00000210       __imp__FOX_EventState      00407210     fox:FOX.dll
 0004:00000214       __imp__FOX_WM_SetCaption   00407214     fox:FOX.dll
 0004:00000218       __imp__FOX_SetTimer        00407218     fox:FOX.dll
 0004:0000021c       __imp__FOX_SetVideoMode    0040721c     fox:FOX.dll
 0004:00000220       __imp__FOX_Quit            00407220     fox:FOX.dll
 0004:00000224       __imp__FOX_GetError        00407224     fox:FOX.dll
 0004:00000228       __imp__FOX_Init            00407228     fox:FOX.dll
 0004:0000022c       __imp__FOX_SetModuleHandle 0040722c     fox:FOX.dll
 0004:00000230       \177FOX_NULL_THUNK_DATA    00407230     fox:FOX.dll
 0004:00000268       __imp__FreeLibrary@4       00407268     kernel32:KERNEL32.dll
 0004:0000026c       __imp__LoadLibraryA@4      0040726c     kernel32:KERNEL32.dll
 0004:00000270       __imp__GetStartupInfoA@4   00407270     kernel32:KERNEL32.dll
 0004:00000274       __imp__GetModuleHandleA@4  00407274     kernel32:KERNEL32.dll
 0004:00000278       __imp__GetCommandLineA@0   00407278     kernel32:KERNEL32.dll
 0004:0000027c       \177KERNEL32_NULL_THUNK_DATA 0040727c     kernel32:KERNEL32.dll
 0004:000002ac       __imp____dllonexit         004072ac     MSVCRT:MSVCRT.dll
 0004:000002b0       __imp___onexit             004072b0     MSVCRT:MSVCRT.dll
 0004:000002b4       __imp___exit               004072b4     MSVCRT:MSVCRT.dll
 0004:000002b8       __imp__malloc              004072b8     MSVCRT:MSVCRT.dll
 0004:000002bc       __imp__exit                004072bc     MSVCRT:MSVCRT.dll
 0004:000002c0       __imp___acmdln             004072c0     MSVCRT:MSVCRT.dll
 0004:000002c4       __imp_??3@YAXPAX@Z         004072c4     MSVCRT:MSVCRT.dll
 0004:000002c8       __imp____CxxFrameHandler   004072c8     MSVCRT:MSVCRT.dll
 0004:000002cc       __imp____setusermatherr    004072cc     MSVCRT:MSVCRT.dll
 0004:000002d0       __imp___adjust_fdiv        004072d0     MSVCRT:MSVCRT.dll
 0004:000002d4       __imp____p__commode        004072d4     MSVCRT:MSVCRT.dll
 0004:000002d8       __imp____p__fmode          004072d8     MSVCRT:MSVCRT.dll
 0004:000002dc       __imp_??2@YAPAXI@Z         004072dc     MSVCRT:MSVCRT.dll
 0004:000002e0       __imp___iob                004072e0     MSVCRT:MSVCRT.dll
 0004:000002e4       __imp___controlfp          004072e4     MSVCRT:MSVCRT.dll
 0004:000002e8       __imp____getmainargs       004072e8     MSVCRT:MSVCRT.dll
 0004:000002ec       __imp___initterm           004072ec     MSVCRT:MSVCRT.dll
 0004:000002f0       __imp__fprintf             004072f0     MSVCRT:MSVCRT.dll
 0004:000002f4       __imp__strncpy             004072f4     MSVCRT:MSVCRT.dll
 0004:000002f8       __imp__strrchr             004072f8     MSVCRT:MSVCRT.dll
 0004:000002fc       __imp__remove              004072fc     MSVCRT:MSVCRT.dll
 0004:00000300       __imp__fgetc               00407300     MSVCRT:MSVCRT.dll
 0004:00000304       __imp__fopen               00407304     MSVCRT:MSVCRT.dll
 0004:00000308       __imp__fclose              00407308     MSVCRT:MSVCRT.dll
 0004:0000030c       __imp__setbuf              0040730c     MSVCRT:MSVCRT.dll
 0004:00000310       __imp__setvbuf             00407310     MSVCRT:MSVCRT.dll
 0004:00000314       __imp__freopen             00407314     MSVCRT:MSVCRT.dll
 0004:00000318       __imp___pctype             00407318     MSVCRT:MSVCRT.dll
 0004:0000031c       __imp____mb_cur_max        0040731c     MSVCRT:MSVCRT.dll
 0004:00000320       __imp___isctype            00407320     MSVCRT:MSVCRT.dll
 0004:00000324       __imp____set_app_type      00407324     MSVCRT:MSVCRT.dll
 0004:00000328       __imp__free                00407328     MSVCRT:MSVCRT.dll
 0004:0000032c       __imp___except_handler3    0040732c     MSVCRT:MSVCRT.dll
 0004:00000330       __imp___XcptFilter         00407330     MSVCRT:MSVCRT.dll
 0004:00000334       \177MSVCRT_NULL_THUNK_DATA 00407334     MSVCRT:MSVCRT.dll

 entry point at        0001:000015f4

